RAM Allocation
Variable                                                          Address   Size
--------------------------------------------------------------------------------
eLED                                                              0x00E0       5
LED                                                               0x00E5      16
Keypad                                                            0x00F5      16

EEPROM Allocation
Variable                                                          Address   Size
--------------------------------------------------------------------------------

Register Allocation
Variable                                                          Register  Size
--------------------------------------------------------------------------------
num                                                               R4,R5        2
go                                                                R6,R7        2
pressed                                                           R8           1
